// Jest Snapshot v1, https://goo.gl/fbAQLP

exports[`About render the correct fields 1`] = `
<Container>
  <AboutTitle />
  <AboutContentMain />
  <About__Image
    alt="Head Shot of Freddie Hoy"
    src=""
  />
  <AboutContentContact />
  <AboutContentInterests />
</Container>
`;
